Microsoft Windows [Version 10.0.19041.804]
(c) 2020 Microsoft Corporation. All rights reserved.

D:\PYTHON\Python_WORKSPACE\git_repo\firstPyAPI>git status
On branch firstPyAPI
Untracked files:
  (use "git add <file>..." to include in what will be committed)
        .idea/
        app.py
        main.py

nothing added to commit but untracked files present (use "git add" to track)

D:\PYTHON\Python_WORKSPACE\git_repo\firstPyAPI>git add .

D:\PYTHON\Python_WORKSPACE\git_repo\firstPyAPI>git status
On branch firstPyAPI
Changes to be committed:
  (use "git restore --staged <file>..." to unstage)
        new file:   .idea/.gitignore
        new file:   .idea/firstAPI.iml
        new file:   .idea/inspectionProfiles/profiles_settings.xml
        new file:   .idea/misc.xml
        new file:   .idea/modules.xml
        new file:   app.py
        new file:   main.py


D:\PYTHON\Python_WORKSPACE\git_repo\firstPyAPI>git commit -m "firstPyAPI code base commit"
[firstPyAPI c994d0a] firstPyAPI code base commit
 7 files changed, 99 insertions(+)
 create mode 100644 .idea/.gitignore
 create mode 100644 .idea/firstAPI.iml
 create mode 100644 .idea/inspectionProfiles/profiles_settings.xml
 create mode 100644 .idea/misc.xml
 create mode 100644 .idea/modules.xml
 create mode 100644 app.py
 create mode 100644 main.py

D:\PYTHON\Python_WORKSPACE\git_repo\firstPyAPI>git push origin
fatal: The current branch firstPyAPI has no upstream branch.
To push the current branch and set the remote as upstream, use

    git push --set-upstream origin firstPyAPI


D:\PYTHON\Python_WORKSPACE\git_repo\firstPyAPI>git push --set-upstream origin firstPyAPI
Logon failed, use ctrl+c to cancel basic credential prompt.
Username for 'https://github.com': anubrata.ghosh.se@gmail.com
Password for 'https://anubrata.ghosh.se@gmail.com@github.com':
Enumerating objects: 12, done.
Counting objects: 100% (12/12), done.
Delta compression using up to 4 threads
Compressing objects: 100% (10/10), done.
Writing objects: 100% (11/11), 2.25 KiB | 1.13 MiB/s, done.
Total 11 (delta 0), reused 0 (delta 0)
To https://github.com/anubrataGhoshSe/python.git
   8a50938..c994d0a  firstPyAPI -> firstPyAPI
Branch 'firstPyAPI' set up to track remote branch 'firstPyAPI' from 'origin'.

D:\PYTHON\Python_WORKSPACE\git_repo\firstPyAPI>